###############################################################################
#
# IAR ELF Linker V8.22.1.15669/W32 for ARM                22/Nov/2021  19:53:32
# Copyright 2007-2018 IAR Systems AB.
#
#    Output file  =  C:\Users\pnu3\Desktop\Embedded-main\Debug\Exe\test.out
#    Map file     =  C:\Users\pnu3\Desktop\Embedded-main\Debug\List\test.map
#    Command line =  
#        -f C:\Users\pnu3\AppData\Local\Temp\EWA3F9.tmp
#        (C:\Users\pnu3\Desktop\Embedded-main\Debug\Obj\core_cm3.o
#        C:\Users\pnu3\Desktop\Embedded-main\Debug\Obj\DHT11.o
#        C:\Users\pnu3\Desktop\Embedded-main\Debug\Obj\lcd.o
#        C:\Users\pnu3\Desktop\Embedded-main\Debug\Obj\main.o
#        C:\Users\pnu3\Desktop\Embedded-main\Debug\Obj\misc.o
#        C:\Users\pnu3\Desktop\Embedded-main\Debug\Obj\startup_stm32f10x_cl.o
#        C:\Users\pnu3\Desktop\Embedded-main\Debug\Obj\stm32f10x_adc.o
#        C:\Users\pnu3\Desktop\Embedded-main\Debug\Obj\stm32f10x_bkp.o
#        C:\Users\pnu3\Desktop\Embedded-main\Debug\Obj\stm32f10x_can.o
#        C:\Users\pnu3\Desktop\Embedded-main\Debug\Obj\stm32f10x_cec.o
#        C:\Users\pnu3\Desktop\Embedded-main\Debug\Obj\stm32f10x_crc.o
#        C:\Users\pnu3\Desktop\Embedded-main\Debug\Obj\stm32f10x_dac.o
#        C:\Users\pnu3\Desktop\Embedded-main\Debug\Obj\stm32f10x_dbgmcu.o
#        C:\Users\pnu3\Desktop\Embedded-main\Debug\Obj\stm32f10x_dma.o
#        C:\Users\pnu3\Desktop\Embedded-main\Debug\Obj\stm32f10x_exti.o
#        C:\Users\pnu3\Desktop\Embedded-main\Debug\Obj\stm32f10x_flash.o
#        C:\Users\pnu3\Desktop\Embedded-main\Debug\Obj\stm32f10x_fsmc.o
#        C:\Users\pnu3\Desktop\Embedded-main\Debug\Obj\stm32f10x_gpio.o
#        C:\Users\pnu3\Desktop\Embedded-main\Debug\Obj\stm32f10x_i2c.o
#        C:\Users\pnu3\Desktop\Embedded-main\Debug\Obj\stm32f10x_it.o
#        C:\Users\pnu3\Desktop\Embedded-main\Debug\Obj\stm32f10x_iwdg.o
#        C:\Users\pnu3\Desktop\Embedded-main\Debug\Obj\stm32f10x_pwr.o
#        C:\Users\pnu3\Desktop\Embedded-main\Debug\Obj\stm32f10x_rcc.o
#        C:\Users\pnu3\Desktop\Embedded-main\Debug\Obj\stm32f10x_rtc.o
#        C:\Users\pnu3\Desktop\Embedded-main\Debug\Obj\stm32f10x_sdio.o
#        C:\Users\pnu3\Desktop\Embedded-main\Debug\Obj\stm32f10x_spi.o
#        C:\Users\pnu3\Desktop\Embedded-main\Debug\Obj\stm32f10x_tim.o
#        C:\Users\pnu3\Desktop\Embedded-main\Debug\Obj\stm32f10x_usart.o
#        C:\Users\pnu3\Desktop\Embedded-main\Debug\Obj\stm32f10x_wwdg.o
#        C:\Users\pnu3\Desktop\Embedded-main\Debug\Obj\system_stm32f10x.o
#        C:\Users\pnu3\Desktop\Embedded-main\Debug\Obj\touch.o -o
#        C:\Users\pnu3\Desktop\Embedded-main\Debug\Exe\test.out --map
#        C:\Users\pnu3\Desktop\Embedded-main\Debug\List\test.map --log
#        libraries,initialization,modules,redirects,sections,veneers,unused_fragments,call_graph
#        --log_file C:\Users\pnu3\Desktop\Embedded-main\Debug\List\test.log
#        --config "C:\Program Files (x86)\IAR Systems\Embedded Workbench
#        8.0\arm\config\linker\ST\stm32f107xC.icf" --semihosting --entry
#        __iar_program_start --vfe --text_out locale)
#
###############################################################################

*******************************************************************************
*** RUNTIME MODEL ATTRIBUTES
***

CppFlavor       = *
__SystemLibrary = DLib
__dlib_version  = 6


*******************************************************************************
*** HEAP SELECTION
***

The basic heap was selected because no calls to memory allocation
functions were found in the application outside of system library
functions, and there are calls to deallocation functions in the
application.


*******************************************************************************
*** PLACEMENT SUMMARY
***

"A0":  place at 0x08000000 { ro section .intvec };
"P1":  place in [from 0x08000000 to 0x0803ffff] { ro };
define block CSTACK with size = 4K, alignment = 8 { };
define block HEAP with size = 4K, alignment = 8 { };
"P2":  place in [from 0x20000000 to 0x2000ffff] {
          rw, block CSTACK, block HEAP };
initialize by copy { rw };

  Section            Kind        Address    Size  Object
  -------            ----        -------    ----  ------
"A0":                                      0x150
  .intvec            ro code  0x08000000   0x150  startup_stm32f10x_cl.o [1]
                            - 0x08000150   0x150

"P1":                                      0xcc8
  .text              ro code  0x08000150   0x484  main.o [1]
  .text              ro code  0x080005d4     0x6  ABImemclr4.o [5]
  .text              ro code  0x080005dc   0x168  stm32f10x_rcc.o [1]
  .text              ro code  0x08000744    0xc4  stm32f10x_gpio.o [1]
  .text              ro code  0x08000808   0x1a4  stm32f10x_usart.o [1]
  .text              ro code  0x080009ac    0x80  misc.o [1]
  .text              ro code  0x08000a2c   0x1a4  system_stm32f10x.o [1]
  .text              ro code  0x08000bd0    0x32  ABImemset48.o [5]
  .text              ro code  0x08000c02    0x2c  copy_init3.o [5]
  .text              ro code  0x08000c30    0x28  data_init.o [5]
  .iar.init_table    const    0x08000c58    0x14  - Linker created -
  .text              ro code  0x08000c6c    0x1e  cmain.o [5]
  .text              ro code  0x08000c8a     0x4  low_level_init.o [3]
  .text              ro code  0x08000c8e     0x4  exit.o [3]
  .text              ro code  0x08000c94     0xa  cexit.o [5]
  .text              ro code  0x08000ca0    0x14  exit.o [6]
  Initializer bytes  const    0x08000cb4    0x1c  <for P2-1>
  .text              ro code  0x08000cd0    0x12  stm32f10x_it.o [1]
  .text              ro code  0x08000ce4    0x10  startup_stm32f10x_cl.o [1]
  .text              ro code  0x08000cf4     0xc  cstartup_M.o [5]
  .text              ro code  0x08000d00     0x4  startup_stm32f10x_cl.o [1]
  .text              ro code  0x08000d04     0x4  startup_stm32f10x_cl.o [1]
  .text              ro code  0x08000d08     0x4  startup_stm32f10x_cl.o [1]
  .text              ro code  0x08000d0c     0x4  startup_stm32f10x_cl.o [1]
  .text              ro code  0x08000d10     0x4  startup_stm32f10x_cl.o [1]
  .text              ro code  0x08000d14     0x4  startup_stm32f10x_cl.o [1]
  .text              ro code  0x08000d18     0x4  startup_stm32f10x_cl.o [1]
  .text              ro code  0x08000d1c     0x4  startup_stm32f10x_cl.o [1]
  .text              ro code  0x08000d20     0x4  startup_stm32f10x_cl.o [1]
  .text              ro code  0x08000d24     0x4  startup_stm32f10x_cl.o [1]
  .text              ro code  0x08000d28     0x4  startup_stm32f10x_cl.o [1]
  .text              ro code  0x08000d2c     0x4  startup_stm32f10x_cl.o [1]
  .text              ro code  0x08000d30     0x4  startup_stm32f10x_cl.o [1]
  .text              ro code  0x08000d34     0x4  startup_stm32f10x_cl.o [1]
  .text              ro code  0x08000d38     0x4  startup_stm32f10x_cl.o [1]
  .text              ro code  0x08000d3c     0x4  startup_stm32f10x_cl.o [1]
  .text              ro code  0x08000d40     0x4  startup_stm32f10x_cl.o [1]
  .text              ro code  0x08000d44     0x4  startup_stm32f10x_cl.o [1]
  .text              ro code  0x08000d48     0x4  startup_stm32f10x_cl.o [1]
  .text              ro code  0x08000d4c     0x4  startup_stm32f10x_cl.o [1]
  .text              ro code  0x08000d50     0x4  startup_stm32f10x_cl.o [1]
  .text              ro code  0x08000d54     0x4  startup_stm32f10x_cl.o [1]
  .text              ro code  0x08000d58     0x4  startup_stm32f10x_cl.o [1]
  .text              ro code  0x08000d5c     0x4  startup_stm32f10x_cl.o [1]
  .text              ro code  0x08000d60     0x4  startup_stm32f10x_cl.o [1]
  .text              ro code  0x08000d64     0x4  startup_stm32f10x_cl.o [1]
  .text              ro code  0x08000d68     0x4  startup_stm32f10x_cl.o [1]
  .text              ro code  0x08000d6c     0x4  startup_stm32f10x_cl.o [1]
  .text              ro code  0x08000d70     0x4  startup_stm32f10x_cl.o [1]
  .text              ro code  0x08000d74     0x4  startup_stm32f10x_cl.o [1]
  .text              ro code  0x08000d78     0x4  startup_stm32f10x_cl.o [1]
  .text              ro code  0x08000d7c     0x4  startup_stm32f10x_cl.o [1]
  .text              ro code  0x08000d80     0x4  startup_stm32f10x_cl.o [1]
  .text              ro code  0x08000d84     0x4  startup_stm32f10x_cl.o [1]
  .text              ro code  0x08000d88     0x4  startup_stm32f10x_cl.o [1]
  .text              ro code  0x08000d8c     0x4  startup_stm32f10x_cl.o [1]
  .text              ro code  0x08000d90     0x4  startup_stm32f10x_cl.o [1]
  .text              ro code  0x08000d94     0x4  startup_stm32f10x_cl.o [1]
  .text              ro code  0x08000d98     0x4  startup_stm32f10x_cl.o [1]
  .text              ro code  0x08000d9c     0x4  startup_stm32f10x_cl.o [1]
  .text              ro code  0x08000da0     0x4  startup_stm32f10x_cl.o [1]
  .text              ro code  0x08000da4     0x4  startup_stm32f10x_cl.o [1]
  .text              ro code  0x08000da8     0x4  startup_stm32f10x_cl.o [1]
  .text              ro code  0x08000dac     0x4  startup_stm32f10x_cl.o [1]
  .text              ro code  0x08000db0     0x4  startup_stm32f10x_cl.o [1]
  .text              ro code  0x08000db4     0x4  startup_stm32f10x_cl.o [1]
  .text              ro code  0x08000db8     0x4  startup_stm32f10x_cl.o [1]
  .text              ro code  0x08000dbc     0x4  startup_stm32f10x_cl.o [1]
  .text              ro code  0x08000dc0     0x4  startup_stm32f10x_cl.o [1]
  .text              ro code  0x08000dc4     0x4  startup_stm32f10x_cl.o [1]
  .text              ro code  0x08000dc8     0x4  startup_stm32f10x_cl.o [1]
  .text              ro code  0x08000dcc     0x4  startup_stm32f10x_cl.o [1]
  .text              ro code  0x08000dd0     0x4  startup_stm32f10x_cl.o [1]
  .text              ro code  0x08000dd4     0x4  startup_stm32f10x_cl.o [1]
  .text              ro code  0x08000dd8     0x4  startup_stm32f10x_cl.o [1]
  .text              ro code  0x08000ddc     0x4  startup_stm32f10x_cl.o [1]
  .text              ro code  0x08000de0     0x4  startup_stm32f10x_cl.o [1]
  .text              ro code  0x08000de4     0x4  startup_stm32f10x_cl.o [1]
  .text              ro code  0x08000de8     0x4  startup_stm32f10x_cl.o [1]
  .text              ro code  0x08000dec     0x4  startup_stm32f10x_cl.o [1]
  .text              ro code  0x08000df0     0x4  startup_stm32f10x_cl.o [1]
  .text              ro code  0x08000df4     0x4  startup_stm32f10x_cl.o [1]
  .text              ro code  0x08000df8     0x4  startup_stm32f10x_cl.o [1]
  .text              ro code  0x08000dfc     0x4  startup_stm32f10x_cl.o [1]
  .text              ro code  0x08000e00     0x4  startup_stm32f10x_cl.o [1]
  .text              ro code  0x08000e04     0x4  startup_stm32f10x_cl.o [1]
  .text              ro code  0x08000e08     0x4  startup_stm32f10x_cl.o [1]
  .text              ro code  0x08000e0c     0x4  startup_stm32f10x_cl.o [1]
  .text              ro code  0x08000e10     0x4  startup_stm32f10x_cl.o [1]
  .text              ro code  0x08000e14     0x4  startup_stm32f10x_cl.o [1]
  .rodata            const    0x08000e18     0x0  copy_init3.o [5]
                            - 0x08000e18   0xcc8

"P2", part 1 of 2:                          0x1c
  P2-1                        0x20000000    0x1c  <Init block>
    .data            inited   0x20000000    0x10  stm32f10x_rcc.o [1]
    .data            inited   0x20000010     0x4  stm32f10x_rcc.o [1]
    .bss             inited   0x20000014     0x8  main.o [1]
                            - 0x2000001c    0x1c

"P2", part 2 of 2:                        0x1000
  CSTACK                      0x20000020  0x1000  <Block>
    CSTACK           uninit   0x20000020  0x1000  <Block tail>
                            - 0x20001020  0x1000


*******************************************************************************
*** INIT TABLE
***

          Address     Size
          -------     ----
Copy (__iar_copy_init3)
    1 source range, total size 0x1c:
          0x08000cb4  0x1c
    1 destination range, total size 0x1c:
          0x20000000  0x1c



*******************************************************************************
*** MODULE SUMMARY
***

    Module                  ro code  ro data  rw data
    ------                  -------  -------  -------
C:\Users\pnu3\Desktop\Embedded-main\Debug\Obj: [1]
    main.o                    1 156        8        8
    misc.o                      128
    startup_stm32f10x_cl.o      632
    stm32f10x_gpio.o            196
    stm32f10x_it.o               18
    stm32f10x_rcc.o             360       20       20
    stm32f10x_usart.o           420
    system_stm32f10x.o          420
    -------------------------------------------------
    Total:                    3 330       28       28

command line: [2]
    -------------------------------------------------
    Total:

dl7M_tln.a: [3]
    exit.o                        4
    low_level_init.o              4
    -------------------------------------------------
    Total:                        8

m7M_tl.a: [4]
    -------------------------------------------------
    Total:

rt7M_tl.a: [5]
    ABImemclr4.o                  6
    ABImemset48.o                50
    cexit.o                      10
    cmain.o                      30
    copy_init3.o                 44
    cstartup_M.o                 12
    data_init.o                  40
    -------------------------------------------------
    Total:                      192

shb_l.a: [6]
    exit.o                       20
    -------------------------------------------------
    Total:                       20

    Gaps                         10
    Linker created                        20    4 096
-----------------------------------------------------
    Grand Total:              3 560       48    4 124


*******************************************************************************
*** ENTRY LIST
***

Entry                      Address   Size  Type      Object
-----                      -------   ----  ----      ------
.iar.init_table$$Base   0x08000c58          --   Gb  - Linker created -
.iar.init_table$$Limit  0x08000c6c          --   Gb  - Linker created -
?main                   0x08000c6d         Code  Gb  cmain.o [5]
ADCPrescTable           0x20000010    0x4  Data  Lc  stm32f10x_rcc.o [1]
APBAHBPrescTable        0x20000000   0x10  Data  Lc  stm32f10x_rcc.o [1]
BusFault_Handler        0x08000cd7    0x2  Code  Gb  stm32f10x_it.o [1]
CSTACK$$Base            0x20000020          --   Gb  - Linker created -
CSTACK$$Limit           0x20001020          --   Gb  - Linker created -
DHT11ReadData           0x0800018f  0x194  Code  Gb  main.o [1]
DebugMon_Handler        0x08000cdd    0x2  Code  Gb  stm32f10x_it.o [1]
Delay_us                0x0800016f   0x20  Code  Gb  main.o [1]
GPIO_Configure          0x08000377   0x80  Code  Gb  main.o [1]
GPIO_Init               0x08000745   0xc4  Code  Gb  stm32f10x_gpio.o [1]
HardFault_Handler       0x08000cd3    0x2  Code  Gb  stm32f10x_it.o [1]
Init_USART              0x080003f7   0x8c  Code  Gb  main.o [1]
MemManage_Handler       0x08000cd5    0x2  Code  Gb  stm32f10x_it.o [1]
NMI_Handler             0x08000cd1    0x2  Code  Gb  stm32f10x_it.o [1]
NVIC_Configure          0x08000483   0x54  Code  Gb  main.o [1]
NVIC_Init               0x080009b7   0x60  Code  Gb  misc.o [1]
NVIC_PriorityGroupConfig
                        0x080009ad    0xa  Code  Gb  misc.o [1]
PendSV_Handler          0x08000cdf    0x2  Code  Gb  stm32f10x_it.o [1]
RCC_APB1PeriphClockCmd  0x08000701   0x20  Code  Gb  stm32f10x_rcc.o [1]
RCC_APB2PeriphClockCmd  0x080006e1   0x20  Code  Gb  stm32f10x_rcc.o [1]
RCC_Configure           0x0800034f   0x28  Code  Gb  main.o [1]
RCC_GetClocksFreq       0x080005dd  0x104  Code  Gb  stm32f10x_rcc.o [1]
Region$$Table$$Base     0x08000c58          --   Gb  - Linker created -
Region$$Table$$Limit    0x08000c6c          --   Gb  - Linker created -
SVC_Handler             0x08000cdb    0x2  Code  Gb  stm32f10x_it.o [1]
SetSysClock             0x08000a93    0x8  Code  Lc  system_stm32f10x.o [1]
SetSysClockTo72         0x08000a9b  0x110  Code  Lc  system_stm32f10x.o [1]
SysTick_Handler         0x08000ce1    0x2  Code  Gb  stm32f10x_it.o [1]
SystemInit              0x08000a2d   0x66  Code  Gb  system_stm32f10x.o [1]
USART1_IRQHandler       0x080004d7   0x28  Code  Gb  main.o [1]
USART2_IRQHandler       0x080004ff   0x28  Code  Gb  main.o [1]
USART_ClearITPendingBit
                        0x08000997   0x16  Code  Gb  stm32f10x_usart.o [1]
USART_Cmd               0x080008c5   0x1c  Code  Gb  stm32f10x_usart.o [1]
USART_GetITStatus       0x0800093b   0x5c  Code  Gb  stm32f10x_usart.o [1]
USART_ITConfig          0x080008e1   0x4a  Code  Gb  stm32f10x_usart.o [1]
USART_Init              0x08000809   0xb6  Code  Gb  stm32f10x_usart.o [1]
USART_ReceiveData       0x08000933    0x8  Code  Gb  stm32f10x_usart.o [1]
USART_SendData          0x0800092b    0x8  Code  Gb  stm32f10x_usart.o [1]
UsageFault_Handler      0x08000cd9    0x2  Code  Gb  stm32f10x_it.o [1]
WaitForHigh             0x08000339   0x16  Code  Gb  main.o [1]
WaitForLow              0x08000323   0x16  Code  Gb  main.o [1]
__NVIC_EnableIRQ        0x08000151   0x1e  Code  Lc  main.o [1]
__aeabi_memclr4         0x080005d5         Code  Gb  ABImemclr4.o [5]
__cmain                 0x08000c6d         Code  Gb  cmain.o [5]
__exit                  0x08000ca1   0x14  Code  Gb  exit.o [6]
__iar_Memset4_word      0x08000bd1         Code  Gb  ABImemset48.o [5]
__iar_Memset8_word      0x08000bd1         Code  Gb  ABImemset48.o [5]
__iar_copy_init3        0x08000c03   0x2c  Code  Gb  copy_init3.o [5]
__iar_data_init3        0x08000c31   0x28  Code  Gb  data_init.o [5]
__iar_program_start     0x08000cf5         Code  Gb  cstartup_M.o [5]
__iar_systems$$module {Abs}
                        0x00000001         Data  Gb  command line/config [2]
__low_level_init        0x08000c8b    0x4  Code  Gb  low_level_init.o [3]
__vector_table          0x08000000         Data  Gb  startup_stm32f10x_cl.o [1]
_call_main              0x08000c79         Code  Gb  cmain.o [5]
_exit                   0x08000c95         Code  Gb  cexit.o [5]
_main                   0x08000c87         Code  Gb  cmain.o [5]
dht11_data              0x20000014    0x8  Data  Gb  main.o [1]
exit                    0x08000c8f    0x4  Code  Gb  exit.o [3]
main                    0x08000543   0x68  Code  Gb  main.o [1]
sendDataUART1           0x08000527    0xe  Code  Gb  main.o [1]
sendDataUART2           0x08000535    0xe  Code  Gb  main.o [1]


[1] = C:\Users\pnu3\Desktop\Embedded-main\Debug\Obj
[2] = command line
[3] = dl7M_tln.a
[4] = m7M_tl.a
[5] = rt7M_tl.a
[6] = shb_l.a

  3 560 bytes of readonly  code memory
     48 bytes of readonly  data memory
  4 124 bytes of readwrite data memory

Errors: none
Warnings: none
